
 - Symbols -

0BF465 : SK12
000003 : DATA_S_ADR
0BF47A : SK13
0BF2A3 : MAIN2_LP1
0000D1 : BASIC_WORK
0BF3DA : BO0BE
0BF51F : COUNT
0BF559 : R_FLG
0000D9 : DH
0000DD : DI
000030 : OCTERVE_ADR
0BF445 : SK1
000000 : DATA_ADR
0BF377 : OCT_CH
0BF391 : SKIP_EXIT
0BF430 : SK2
0BF422 : SK3
0BF03F : ENTRY
0BF1A2 : ENTRY ! OCT_CH_S
0BF1E0 : ENTRY ! LENGTH
0BF1E8 : ENTRY ! FORMAT_DATA
0BF0CE : ENTRY ! ONP_SKIP
0BF13A : ENTRY ! FORMAT_SK
0BF11C : ENTRY ! LEN_CH
0BF1E1 : ENTRY ! OCTERVE2
0BF1E3 : ENTRY ! OCTERVE3
0BF19E : ENTRY ! OCT_CH
0BF1D0 : ENTRY ! MML_DATA1
0BF1D7 : ENTRY ! MML_DATA2
0BF179 : ENTRY ! TEMP2_CH
0BF117 : ENTRY ! MML_CONV_EXIT
0BF17F : ENTRY ! TEMP2_LP1
0BF1E5 : ENTRY ! MML_DATA_ADR
0BF199 : ENTRY ! TEMP2_SK1
0BF1C1 : ENTRY ! OCT_FLG_DW
0BF1DF : ENTRY ! OCTERVE
0BF0EF : ENTRY ! ONP_LEN_SK2
0BF0FD : ENTRY ! ONP_LEN_SK3
0BF12C : ENTRY ! LEN_SK
0BF169 : ENTRY ! TEMP_CH
0BF1C8 : ENTRY ! OCT_DW
0BF13E : ENTRY ! PART_CH
0BF1B2 : ENTRY ! OCT_FLG_UP
0BF0E9 : ENTRY ! ONP_LEN_SK
0BF111 : ENTRY ! KYUUFU
0BF1B9 : ENTRY ! OCT_UP
0BF1DE : ENTRY ! NOT_DATA
0BF0D9 : ENTRY ! ONP_LEN
0BF132 : ENTRY ! FORMAT_CH
0BF1E2 : ENTRY ! LENGTH2
0BF10E : ENTRY ! ONP_SKIP2
0BF1E4 : ENTRY ! LENGTH3
0BF08C : ENTRY ! MML_CONV_LP
0BF115 : ENTRY ! MML_CONV_EXIT_C
0BF0C2 : ENTRY ! ONP_SET
0BF059 : ENTRY ! MML_CONV
0000EC : ABP
00000D : CR
0000D5 : CS
0BF000 : INSTALL
0BF026 : INSTALL ! BASIC_COMMAND
0BF013 : INSTALL ! REMOVE
0BF035 : INSTALL ! BASIC_CODE
0BF230 : MAIN2
0BF2D0 : P1_SKIP
0BF2E5 : P2_SKIP
000000 : PART_C
0BF2FA : P3_SKIP
0000D4 : BX
0000D6 : CX
0FFFE4 : FCS
0000D8 : DX
0000DA : SI
0000FD : BEEP
0BF55A : DATA_BUFF
0BF3CC : BO0LP
000013 : OCT_FLG
0BF260 : MAIN2_SKIP1
0BF274 : MAIN2_SKIP2
0BF48C : MML_DATA
0BF37E : TEMP_CH
0BF3FD : BO3LP
0BF485 : BO3EX
0BFCC6 : VECT0
0BFCC9 : VECT1
0BF3CC : BEEP_OUT0
0BFCCC : VECT2
0BFCCF : VECT3
0BF1E9 : INIT1
0BFCD2 : VECT4
000006 : OCT
0BF206 : INIT2
0BF358 : MML
0BF3E1 : BEEP_OUT3
0BFCD5 : VECT5
0BFCD8 : VECT6
0000FB : IMR
0BF529 : PART1
0BFCDB : VECT7
0000ED : APX
0BF539 : PART2
0000EE : APY
0BF549 : PART3
0BF358 : RET
000007 : ONP
0BF2AB : MAIN2_SKIP
0FFFE8 : IOCS
0000FC : ISR
0BF397 : MML_ONP
000008 : L_COUNT
0BF401 : BO3P11
0BF51E : TEMP
0000EB : IISR
000009 : O_COUNT
0BF40C : BO3P21
000033 : LENGTH_ADR
0BF413 : BO3P31
0BF44F : BO3P22
0BF436 : BO3P32
0BF357 : EXIT
0BF456 : BO3P33
0BF522 : COUNT1
0BF46B : BO3P34
0BF50E : LENGTH_DATA
0BF524 : COUNT2
0BF526 : COUNT3
000018 : E_FLG
0BF3CF : BO0L1
0BF369 : MML_LOOP
0BF386 : MML_EXIT

  No fatal error.  Code: 0BF000h - 0BF55Ah [     1371 byte(s)]
